2023-01-06 16:51:14,499,日志器 logname,等级 INFO,模块 test_LoginApi,函数 TestLogin 第59行,configurl：https://isp-dev.hhygames.com，index_url：https://isp-dev.hhycdk.com/login/index，gameId：73
2023-01-06 16:51:17,846,日志器 logname,等级 INFO,模块 test_LoginApi,函数 get_openId 第429行,尝试循环获取open_Id第1次
2023-01-06 16:51:18,025,日志器 logname,等级 INFO,模块 test_LoginApi,函数 get_openId 第429行,尝试循环获取open_Id第2次
2023-01-06 16:51:18,200,日志器 logname,等级 INFO,模块 test_LoginApi,函数 get_openId 第429行,尝试循环获取open_Id第3次
2023-01-06 16:51:18,365,日志器 logname,等级 INFO,模块 test_LoginApi,函数 get_openId 第429行,尝试循环获取open_Id第4次
2023-01-06 16:51:18,546,日志器 logname,等级 INFO,模块 test_LoginApi,函数 get_openId 第429行,尝试循环获取open_Id第5次
2023-01-06 16:51:18,722,日志器 logname,等级 INFO,模块 test_LoginApi,函数 get_openId 第429行,尝试循环获取open_Id第6次
2023-01-06 16:51:18,897,日志器 logname,等级 INFO,模块 test_LoginApi,函数 get_openId 第429行,尝试循环获取open_Id第7次
2023-01-06 16:51:19,071,日志器 logname,等级 INFO,模块 test_LoginApi,函数 get_openId 第429行,尝试循环获取open_Id第8次
2023-01-06 16:51:19,245,日志器 logname,等级 INFO,模块 test_LoginApi,函数 get_openId 第429行,尝试循环获取open_Id第9次
2023-01-06 16:51:19,418,日志器 logname,等级 INFO,模块 test_LoginApi,函数 get_openId 第429行,尝试循环获取open_Id第10次
2023-01-06 16:51:19,597,日志器 logname,等级 INFO,模块 test_LoginApi,函数 get_openId 第429行,尝试循环获取open_Id第11次
2023-01-06 16:51:19,773,日志器 logname,等级 INFO,模块 test_LoginApi,函数 get_openId 第429行,尝试循环获取open_Id第12次
2023-01-06 16:51:19,958,日志器 logname,等级 INFO,模块 test_LoginApi,函数 get_openId 第429行,尝试循环获取open_Id第13次
2023-01-06 16:51:20,132,日志器 logname,等级 INFO,模块 test_LoginApi,函数 get_openId 第429行,尝试循环获取open_Id第14次
2023-01-06 16:51:20,305,日志器 logname,等级 INFO,模块 test_LoginApi,函数 get_openId 第429行,尝试循环获取open_Id第15次
2023-01-06 16:51:20,475,日志器 logname,等级 INFO,模块 test_LoginApi,函数 get_openId 第429行,尝试循环获取open_Id第16次
2023-01-06 16:51:20,648,日志器 logname,等级 INFO,模块 test_LoginApi,函数 get_openId 第429行,尝试循环获取open_Id第17次
2023-01-06 16:51:20,837,日志器 logname,等级 INFO,模块 test_LoginApi,函数 get_openId 第429行,尝试循环获取open_Id第18次
2023-01-06 16:51:21,016,日志器 logname,等级 INFO,模块 test_LoginApi,函数 get_openId 第429行,尝试循环获取open_Id第19次
2023-01-06 16:51:21,190,日志器 logname,等级 INFO,模块 test_LoginApi,函数 get_openId 第429行,尝试循环获取open_Id第20次
2023-01-06 16:51:21,365,日志器 logname,等级 INFO,模块 test_LoginApi,函数 get_openId 第429行,尝试循环获取open_Id第21次
2023-01-06 16:51:21,551,日志器 logname,等级 INFO,模块 test_LoginApi,函数 get_openId 第429行,尝试循环获取open_Id第22次
2023-01-06 16:51:21,726,日志器 logname,等级 INFO,模块 test_LoginApi,函数 get_openId 第429行,尝试循环获取open_Id第23次
2023-01-06 16:51:21,898,日志器 logname,等级 INFO,模块 test_LoginApi,函数 get_openId 第429行,尝试循环获取open_Id第24次
2023-01-06 16:51:22,064,日志器 logname,等级 INFO,模块 test_LoginApi,函数 get_openId 第429行,尝试循环获取open_Id第25次
2023-01-06 16:51:22,233,日志器 logname,等级 INFO,模块 test_LoginApi,函数 get_openId 第429行,尝试循环获取open_Id第26次
2023-01-06 16:51:22,415,日志器 logname,等级 INFO,模块 test_LoginApi,函数 get_openId 第429行,尝试循环获取open_Id第27次
2023-01-06 16:51:22,598,日志器 logname,等级 INFO,模块 test_LoginApi,函数 get_openId 第429行,尝试循环获取open_Id第28次
2023-01-06 16:51:22,779,日志器 logname,等级 INFO,模块 test_LoginApi,函数 get_openId 第429行,尝试循环获取open_Id第29次
2023-01-06 16:51:22,964,日志器 logname,等级 INFO,模块 test_LoginApi,函数 get_openId 第429行,尝试循环获取open_Id第30次
2023-01-06 16:51:23,133,日志器 logname,等级 INFO,模块 test_LoginApi,函数 get_openId 第429行,尝试循环获取open_Id第31次
2023-01-06 16:51:23,315,日志器 logname,等级 INFO,模块 test_LoginApi,函数 get_openId 第429行,尝试循环获取open_Id第32次
2023-01-06 16:51:23,493,日志器 logname,等级 INFO,模块 test_LoginApi,函数 get_openId 第429行,尝试循环获取open_Id第33次
2023-01-06 16:51:23,676,日志器 logname,等级 INFO,模块 test_LoginApi,函数 get_openId 第429行,尝试循环获取open_Id第34次
2023-01-06 16:51:23,848,日志器 logname,等级 INFO,模块 test_LoginApi,函数 get_openId 第429行,尝试循环获取open_Id第35次
2023-01-06 16:51:24,016,日志器 logname,等级 INFO,模块 test_LoginApi,函数 get_openId 第429行,尝试循环获取open_Id第36次
2023-01-06 16:51:24,190,日志器 logname,等级 INFO,模块 test_LoginApi,函数 get_openId 第429行,尝试循环获取open_Id第37次
2023-01-06 16:51:24,372,日志器 logname,等级 INFO,模块 test_LoginApi,函数 get_openId 第429行,尝试循环获取open_Id第38次
2023-01-06 16:51:24,549,日志器 logname,等级 INFO,模块 test_LoginApi,函数 get_openId 第429行,尝试循环获取open_Id第39次
2023-01-06 16:51:24,725,日志器 logname,等级 INFO,模块 test_LoginApi,函数 get_openId 第429行,尝试循环获取open_Id第40次
2023-01-06 16:51:24,907,日志器 logname,等级 INFO,模块 test_LoginApi,函数 get_openId 第429行,尝试循环获取open_Id第41次
2023-01-06 16:51:25,089,日志器 logname,等级 INFO,模块 test_LoginApi,函数 get_openId 第429行,尝试循环获取open_Id第42次
2023-01-06 16:51:25,259,日志器 logname,等级 INFO,模块 test_LoginApi,函数 get_openId 第429行,尝试循环获取open_Id第43次
2023-01-06 16:51:25,434,日志器 logname,等级 INFO,模块 test_LoginApi,函数 get_openId 第429行,尝试循环获取open_Id第44次
2023-01-06 16:51:25,604,日志器 logname,等级 INFO,模块 test_LoginApi,函数 get_openId 第429行,尝试循环获取open_Id第45次
2023-01-06 16:51:25,783,日志器 logname,等级 INFO,模块 test_LoginApi,函数 get_openId 第429行,尝试循环获取open_Id第46次
2023-01-06 16:51:25,963,日志器 logname,等级 INFO,模块 test_LoginApi,函数 get_openId 第429行,尝试循环获取open_Id第47次
2023-01-06 16:51:26,141,日志器 logname,等级 INFO,模块 test_LoginApi,函数 get_openId 第429行,尝试循环获取open_Id第48次
2023-01-06 16:51:26,317,日志器 logname,等级 INFO,模块 test_LoginApi,函数 get_openId 第429行,尝试循环获取open_Id第49次
2023-01-06 16:51:26,491,日志器 logname,等级 INFO,模块 test_LoginApi,函数 get_openId 第437行,获取失败，将不执行订单创建接口！
2023-01-06 16:51:26,492,日志器 logname,等级 INFO,模块 test_LoginApi,函数 get_openId 第429行,尝试循环获取open_Id第50次
2023-01-06 16:51:29,001,日志器 logname,等级 INFO,模块 test_LoginApi,函数 get_openId 第429行,尝试循环获取open_Id第1次
2023-01-06 16:51:29,168,日志器 logname,等级 INFO,模块 test_LoginApi,函数 get_openId 第429行,尝试循环获取open_Id第2次
2023-01-06 16:51:29,343,日志器 logname,等级 INFO,模块 test_LoginApi,函数 get_openId 第429行,尝试循环获取open_Id第3次
2023-01-06 16:51:29,506,日志器 logname,等级 INFO,模块 test_LoginApi,函数 get_openId 第429行,尝试循环获取open_Id第4次
2023-01-06 16:51:29,685,日志器 logname,等级 INFO,模块 test_LoginApi,函数 get_openId 第429行,尝试循环获取open_Id第5次
2023-01-06 16:51:29,860,日志器 logname,等级 INFO,模块 test_LoginApi,函数 get_openId 第429行,尝试循环获取open_Id第6次
2023-01-06 16:51:30,041,日志器 logname,等级 INFO,模块 test_LoginApi,函数 get_openId 第429行,尝试循环获取open_Id第7次
2023-01-06 16:51:30,223,日志器 logname,等级 INFO,模块 test_LoginApi,函数 get_openId 第429行,尝试循环获取open_Id第8次
2023-01-06 16:51:30,404,日志器 logname,等级 INFO,模块 test_LoginApi,函数 get_openId 第429行,尝试循环获取open_Id第9次
2023-01-06 16:51:30,575,日志器 logname,等级 INFO,模块 test_LoginApi,函数 get_openId 第429行,尝试循环获取open_Id第10次
2023-01-06 16:51:30,756,日志器 logname,等级 INFO,模块 test_LoginApi,函数 get_openId 第429行,尝试循环获取open_Id第11次
2023-01-06 16:51:30,935,日志器 logname,等级 INFO,模块 test_LoginApi,函数 get_openId 第429行,尝试循环获取open_Id第12次
2023-01-06 16:51:31,104,日志器 logname,等级 INFO,模块 test_LoginApi,函数 get_openId 第429行,尝试循环获取open_Id第13次
2023-01-06 16:51:31,293,日志器 logname,等级 INFO,模块 test_LoginApi,函数 get_openId 第429行,尝试循环获取open_Id第14次
2023-01-06 16:51:31,470,日志器 logname,等级 INFO,模块 test_LoginApi,函数 get_openId 第429行,尝试循环获取open_Id第15次
2023-01-06 16:51:31,649,日志器 logname,等级 INFO,模块 test_LoginApi,函数 get_openId 第429行,尝试循环获取open_Id第16次
2023-01-06 16:51:31,825,日志器 logname,等级 INFO,模块 test_LoginApi,函数 get_openId 第429行,尝试循环获取open_Id第17次
2023-01-06 16:51:31,997,日志器 logname,等级 INFO,模块 test_LoginApi,函数 get_openId 第429行,尝试循环获取open_Id第18次
2023-01-06 16:51:32,167,日志器 logname,等级 INFO,模块 test_LoginApi,函数 get_openId 第429行,尝试循环获取open_Id第19次
2023-01-06 16:51:32,336,日志器 logname,等级 INFO,模块 test_LoginApi,函数 get_openId 第429行,尝试循环获取open_Id第20次
2023-01-06 16:51:32,510,日志器 logname,等级 INFO,模块 test_LoginApi,函数 get_openId 第429行,尝试循环获取open_Id第21次
2023-01-06 16:51:32,677,日志器 logname,等级 INFO,模块 test_LoginApi,函数 get_openId 第429行,尝试循环获取open_Id第22次
2023-01-06 16:51:32,850,日志器 logname,等级 INFO,模块 test_LoginApi,函数 get_openId 第429行,尝试循环获取open_Id第23次
2023-01-06 16:51:33,021,日志器 logname,等级 INFO,模块 test_LoginApi,函数 get_openId 第429行,尝试循环获取open_Id第24次
2023-01-06 16:51:33,199,日志器 logname,等级 INFO,模块 test_LoginApi,函数 get_openId 第429行,尝试循环获取open_Id第25次
2023-01-06 16:51:33,373,日志器 logname,等级 INFO,模块 test_LoginApi,函数 get_openId 第429行,尝试循环获取open_Id第26次
2023-01-06 16:51:33,548,日志器 logname,等级 INFO,模块 test_LoginApi,函数 get_openId 第429行,尝试循环获取open_Id第27次
2023-01-06 16:51:33,727,日志器 logname,等级 INFO,模块 test_LoginApi,函数 get_openId 第429行,尝试循环获取open_Id第28次
2023-01-06 16:51:33,906,日志器 logname,等级 INFO,模块 test_LoginApi,函数 get_openId 第429行,尝试循环获取open_Id第29次
2023-01-06 16:51:34,089,日志器 logname,等级 INFO,模块 test_LoginApi,函数 get_openId 第429行,尝试循环获取open_Id第30次
2023-01-06 16:51:34,264,日志器 logname,等级 INFO,模块 test_LoginApi,函数 get_openId 第429行,尝试循环获取open_Id第31次
2023-01-06 16:51:34,432,日志器 logname,等级 INFO,模块 test_LoginApi,函数 get_openId 第429行,尝试循环获取open_Id第32次
2023-01-06 16:51:34,610,日志器 logname,等级 INFO,模块 test_LoginApi,函数 get_openId 第429行,尝试循环获取open_Id第33次
2023-01-06 16:51:34,779,日志器 logname,等级 INFO,模块 test_LoginApi,函数 get_openId 第429行,尝试循环获取open_Id第34次
2023-01-06 16:51:34,943,日志器 logname,等级 INFO,模块 test_LoginApi,函数 get_openId 第429行,尝试循环获取open_Id第35次
2023-01-06 16:51:35,118,日志器 logname,等级 INFO,模块 test_LoginApi,函数 get_openId 第429行,尝试循环获取open_Id第36次
2023-01-06 16:51:35,299,日志器 logname,等级 INFO,模块 test_LoginApi,函数 get_openId 第429行,尝试循环获取open_Id第37次
2023-01-06 16:51:35,496,日志器 logname,等级 INFO,模块 test_LoginApi,函数 get_openId 第429行,尝试循环获取open_Id第38次
2023-01-06 16:51:35,674,日志器 logname,等级 INFO,模块 test_LoginApi,函数 get_openId 第429行,尝试循环获取open_Id第39次
2023-01-06 16:51:35,842,日志器 logname,等级 INFO,模块 test_LoginApi,函数 get_openId 第429行,尝试循环获取open_Id第40次
2023-01-06 16:51:36,012,日志器 logname,等级 INFO,模块 test_LoginApi,函数 get_openId 第429行,尝试循环获取open_Id第41次
2023-01-06 16:51:36,190,日志器 logname,等级 INFO,模块 test_LoginApi,函数 get_openId 第429行,尝试循环获取open_Id第42次
2023-01-06 16:51:36,367,日志器 logname,等级 INFO,模块 test_LoginApi,函数 get_openId 第429行,尝试循环获取open_Id第43次
2023-01-06 16:51:36,556,日志器 logname,等级 INFO,模块 test_LoginApi,函数 get_openId 第429行,尝试循环获取open_Id第44次
2023-01-06 16:51:36,728,日志器 logname,等级 INFO,模块 test_LoginApi,函数 get_openId 第429行,尝试循环获取open_Id第45次
2023-01-06 16:51:36,904,日志器 logname,等级 INFO,模块 test_LoginApi,函数 get_openId 第429行,尝试循环获取open_Id第46次
2023-01-06 16:51:37,078,日志器 logname,等级 INFO,模块 test_LoginApi,函数 get_openId 第429行,尝试循环获取open_Id第47次
2023-01-06 16:51:37,259,日志器 logname,等级 INFO,模块 test_LoginApi,函数 get_openId 第429行,尝试循环获取open_Id第48次
2023-01-06 16:51:37,435,日志器 logname,等级 INFO,模块 test_LoginApi,函数 get_openId 第429行,尝试循环获取open_Id第49次
2023-01-06 16:51:37,615,日志器 logname,等级 INFO,模块 test_LoginApi,函数 get_openId 第437行,获取失败，将不执行订单创建接口！
2023-01-06 16:51:37,615,日志器 logname,等级 INFO,模块 test_LoginApi,函数 get_openId 第429行,尝试循环获取open_Id第50次
2023-01-06 16:56:02,834,日志器 logname,等级 INFO,模块 test_LoginApi,函数 TestLogin 第59行,configurl：https://isp-dev.hhygames.com，index_url：https://isp-dev.hhycdk.com/login/index，gameId：73
2023-01-06 16:56:06,091,日志器 logname,等级 INFO,模块 test_LoginApi,函数 get_openId 第429行,尝试循环获取open_Id第1次
2023-01-06 16:56:06,267,日志器 logname,等级 INFO,模块 test_LoginApi,函数 get_openId 第429行,尝试循环获取open_Id第2次
2023-01-06 16:56:06,439,日志器 logname,等级 INFO,模块 test_LoginApi,函数 get_openId 第429行,尝试循环获取open_Id第3次
2023-01-06 16:56:06,615,日志器 logname,等级 INFO,模块 test_LoginApi,函数 get_openId 第429行,尝试循环获取open_Id第4次
2023-01-06 16:56:06,784,日志器 logname,等级 INFO,模块 test_LoginApi,函数 get_openId 第429行,尝试循环获取open_Id第5次
2023-01-06 16:56:06,964,日志器 logname,等级 INFO,模块 test_LoginApi,函数 get_openId 第429行,尝试循环获取open_Id第6次
2023-01-06 16:56:07,132,日志器 logname,等级 INFO,模块 test_LoginApi,函数 get_openId 第429行,尝试循环获取open_Id第7次
2023-01-06 16:56:07,311,日志器 logname,等级 INFO,模块 test_LoginApi,函数 get_openId 第429行,尝试循环获取open_Id第8次
2023-01-06 16:56:07,487,日志器 logname,等级 INFO,模块 test_LoginApi,函数 get_openId 第429行,尝试循环获取open_Id第9次
2023-01-06 16:56:07,661,日志器 logname,等级 INFO,模块 test_LoginApi,函数 get_openId 第429行,尝试循环获取open_Id第10次
2023-01-06 16:56:07,835,日志器 logname,等级 INFO,模块 test_LoginApi,函数 get_openId 第429行,尝试循环获取open_Id第11次
2023-01-06 16:56:08,008,日志器 logname,等级 INFO,模块 test_LoginApi,函数 get_openId 第429行,尝试循环获取open_Id第12次
2023-01-06 16:56:08,179,日志器 logname,等级 INFO,模块 test_LoginApi,函数 get_openId 第429行,尝试循环获取open_Id第13次
2023-01-06 16:56:08,355,日志器 logname,等级 INFO,模块 test_LoginApi,函数 get_openId 第429行,尝试循环获取open_Id第14次
2023-01-06 16:56:08,526,日志器 logname,等级 INFO,模块 test_LoginApi,函数 get_openId 第429行,尝试循环获取open_Id第15次
2023-01-06 16:56:08,698,日志器 logname,等级 INFO,模块 test_LoginApi,函数 get_openId 第429行,尝试循环获取open_Id第16次
2023-01-06 16:56:08,873,日志器 logname,等级 INFO,模块 test_LoginApi,函数 get_openId 第429行,尝试循环获取open_Id第17次
2023-01-06 16:56:09,045,日志器 logname,等级 INFO,模块 test_LoginApi,函数 get_openId 第429行,尝试循环获取open_Id第18次
2023-01-06 16:56:09,216,日志器 logname,等级 INFO,模块 test_LoginApi,函数 get_openId 第429行,尝试循环获取open_Id第19次
2023-01-06 16:56:09,392,日志器 logname,等级 INFO,模块 test_LoginApi,函数 get_openId 第429行,尝试循环获取open_Id第20次
2023-01-06 16:56:09,565,日志器 logname,等级 INFO,模块 test_LoginApi,函数 get_openId 第429行,尝试循环获取open_Id第21次
2023-01-06 16:56:09,741,日志器 logname,等级 INFO,模块 test_LoginApi,函数 get_openId 第429行,尝试循环获取open_Id第22次
2023-01-06 16:56:09,913,日志器 logname,等级 INFO,模块 test_LoginApi,函数 get_openId 第429行,尝试循环获取open_Id第23次
2023-01-06 16:56:10,086,日志器 logname,等级 INFO,模块 test_LoginApi,函数 get_openId 第429行,尝试循环获取open_Id第24次
2023-01-06 16:56:10,258,日志器 logname,等级 INFO,模块 test_LoginApi,函数 get_openId 第429行,尝试循环获取open_Id第25次
2023-01-06 16:56:10,428,日志器 logname,等级 INFO,模块 test_LoginApi,函数 get_openId 第429行,尝试循环获取open_Id第26次
2023-01-06 16:56:10,597,日志器 logname,等级 INFO,模块 test_LoginApi,函数 get_openId 第429行,尝试循环获取open_Id第27次
2023-01-06 16:56:10,776,日志器 logname,等级 INFO,模块 test_LoginApi,函数 get_openId 第429行,尝试循环获取open_Id第28次
2023-01-06 16:56:10,943,日志器 logname,等级 INFO,模块 test_LoginApi,函数 get_openId 第429行,尝试循环获取open_Id第29次
2023-01-06 16:56:11,113,日志器 logname,等级 INFO,模块 test_LoginApi,函数 get_openId 第429行,尝试循环获取open_Id第30次
2023-01-06 16:56:11,289,日志器 logname,等级 INFO,模块 test_LoginApi,函数 get_openId 第429行,尝试循环获取open_Id第31次
2023-01-06 16:56:11,464,日志器 logname,等级 INFO,模块 test_LoginApi,函数 get_openId 第429行,尝试循环获取open_Id第32次
2023-01-06 16:56:11,630,日志器 logname,等级 INFO,模块 test_LoginApi,函数 get_openId 第429行,尝试循环获取open_Id第33次
2023-01-06 16:56:11,808,日志器 logname,等级 INFO,模块 test_LoginApi,函数 get_openId 第429行,尝试循环获取open_Id第34次
2023-01-06 16:56:11,986,日志器 logname,等级 INFO,模块 test_LoginApi,函数 get_openId 第429行,尝试循环获取open_Id第35次
2023-01-06 16:56:12,152,日志器 logname,等级 INFO,模块 test_LoginApi,函数 get_openId 第429行,尝试循环获取open_Id第36次
2023-01-06 16:56:12,336,日志器 logname,等级 INFO,模块 test_LoginApi,函数 get_openId 第429行,尝试循环获取open_Id第37次
2023-01-06 16:56:12,508,日志器 logname,等级 INFO,模块 test_LoginApi,函数 get_openId 第429行,尝试循环获取open_Id第38次
2023-01-06 16:56:12,674,日志器 logname,等级 INFO,模块 test_LoginApi,函数 get_openId 第429行,尝试循环获取open_Id第39次
2023-01-06 16:56:12,849,日志器 logname,等级 INFO,模块 test_LoginApi,函数 get_openId 第429行,尝试循环获取open_Id第40次
2023-01-06 16:56:13,024,日志器 logname,等级 INFO,模块 test_LoginApi,函数 get_openId 第429行,尝试循环获取open_Id第41次
2023-01-06 16:56:13,202,日志器 logname,等级 INFO,模块 test_LoginApi,函数 get_openId 第429行,尝试循环获取open_Id第42次
2023-01-06 16:56:13,372,日志器 logname,等级 INFO,模块 test_LoginApi,函数 get_openId 第429行,尝试循环获取open_Id第43次
2023-01-06 16:56:13,551,日志器 logname,等级 INFO,模块 test_LoginApi,函数 get_openId 第429行,尝试循环获取open_Id第44次
2023-01-06 16:56:13,732,日志器 logname,等级 INFO,模块 test_LoginApi,函数 get_openId 第429行,尝试循环获取open_Id第45次
2023-01-06 16:56:13,902,日志器 logname,等级 INFO,模块 test_LoginApi,函数 get_openId 第429行,尝试循环获取open_Id第46次
2023-01-06 16:56:14,075,日志器 logname,等级 INFO,模块 test_LoginApi,函数 get_openId 第429行,尝试循环获取open_Id第47次
2023-01-06 16:56:14,254,日志器 logname,等级 INFO,模块 test_LoginApi,函数 get_openId 第429行,尝试循环获取open_Id第48次
2023-01-06 16:56:14,431,日志器 logname,等级 INFO,模块 test_LoginApi,函数 get_openId 第429行,尝试循环获取open_Id第49次
2023-01-06 16:56:14,603,日志器 logname,等级 INFO,模块 test_LoginApi,函数 get_openId 第437行,获取失败，将不执行订单创建接口！
2023-01-06 16:56:14,603,日志器 logname,等级 INFO,模块 test_LoginApi,函数 get_openId 第429行,尝试循环获取open_Id第50次
2023-01-06 16:56:17,028,日志器 logname,等级 INFO,模块 test_LoginApi,函数 get_openId 第429行,尝试循环获取open_Id第1次
2023-01-06 16:56:17,202,日志器 logname,等级 INFO,模块 test_LoginApi,函数 get_openId 第429行,尝试循环获取open_Id第2次
2023-01-06 16:56:17,379,日志器 logname,等级 INFO,模块 test_LoginApi,函数 get_openId 第429行,尝试循环获取open_Id第3次
2023-01-06 16:56:17,549,日志器 logname,等级 INFO,模块 test_LoginApi,函数 get_openId 第429行,尝试循环获取open_Id第4次
2023-01-06 16:56:17,716,日志器 logname,等级 INFO,模块 test_LoginApi,函数 get_openId 第429行,尝试循环获取open_Id第5次
2023-01-06 16:56:17,893,日志器 logname,等级 INFO,模块 test_LoginApi,函数 get_openId 第429行,尝试循环获取open_Id第6次
2023-01-06 16:56:18,079,日志器 logname,等级 INFO,模块 test_LoginApi,函数 get_openId 第429行,尝试循环获取open_Id第7次
2023-01-06 16:56:18,251,日志器 logname,等级 INFO,模块 test_LoginApi,函数 get_openId 第429行,尝试循环获取open_Id第8次
2023-01-06 16:56:18,431,日志器 logname,等级 INFO,模块 test_LoginApi,函数 get_openId 第429行,尝试循环获取open_Id第9次
2023-01-06 16:56:18,606,日志器 logname,等级 INFO,模块 test_LoginApi,函数 get_openId 第429行,尝试循环获取open_Id第10次
2023-01-06 16:56:18,782,日志器 logname,等级 INFO,模块 test_LoginApi,函数 get_openId 第429行,尝试循环获取open_Id第11次
2023-01-06 16:56:18,958,日志器 logname,等级 INFO,模块 test_LoginApi,函数 get_openId 第429行,尝试循环获取open_Id第12次
2023-01-06 16:56:19,135,日志器 logname,等级 INFO,模块 test_LoginApi,函数 get_openId 第429行,尝试循环获取open_Id第13次
2023-01-06 16:56:19,303,日志器 logname,等级 INFO,模块 test_LoginApi,函数 get_openId 第429行,尝试循环获取open_Id第14次
2023-01-06 16:56:19,480,日志器 logname,等级 INFO,模块 test_LoginApi,函数 get_openId 第429行,尝试循环获取open_Id第15次
2023-01-06 16:56:19,657,日志器 logname,等级 INFO,模块 test_LoginApi,函数 get_openId 第429行,尝试循环获取open_Id第16次
2023-01-06 16:56:19,837,日志器 logname,等级 INFO,模块 test_LoginApi,函数 get_openId 第429行,尝试循环获取open_Id第17次
2023-01-06 16:56:20,021,日志器 logname,等级 INFO,模块 test_LoginApi,函数 get_openId 第429行,尝试循环获取open_Id第18次
2023-01-06 16:56:20,208,日志器 logname,等级 INFO,模块 test_LoginApi,函数 get_openId 第429行,尝试循环获取open_Id第19次
2023-01-06 16:56:20,390,日志器 logname,等级 INFO,模块 test_LoginApi,函数 get_openId 第429行,尝试循环获取open_Id第20次
2023-01-06 16:56:20,554,日志器 logname,等级 INFO,模块 test_LoginApi,函数 get_openId 第429行,尝试循环获取open_Id第21次
2023-01-06 16:56:20,727,日志器 logname,等级 INFO,模块 test_LoginApi,函数 get_openId 第429行,尝试循环获取open_Id第22次
2023-01-06 16:56:20,902,日志器 logname,等级 INFO,模块 test_LoginApi,函数 get_openId 第429行,尝试循环获取open_Id第23次
2023-01-06 16:56:21,065,日志器 logname,等级 INFO,模块 test_LoginApi,函数 get_openId 第429行,尝试循环获取open_Id第24次
2023-01-06 16:56:21,232,日志器 logname,等级 INFO,模块 test_LoginApi,函数 get_openId 第429行,尝试循环获取open_Id第25次
2023-01-06 16:56:21,403,日志器 logname,等级 INFO,模块 test_LoginApi,函数 get_openId 第429行,尝试循环获取open_Id第26次
2023-01-06 16:56:21,576,日志器 logname,等级 INFO,模块 test_LoginApi,函数 get_openId 第429行,尝试循环获取open_Id第27次
2023-01-06 16:56:21,756,日志器 logname,等级 INFO,模块 test_LoginApi,函数 get_openId 第429行,尝试循环获取open_Id第28次
2023-01-06 16:56:21,940,日志器 logname,等级 INFO,模块 test_LoginApi,函数 get_openId 第429行,尝试循环获取open_Id第29次
2023-01-06 16:56:22,115,日志器 logname,等级 INFO,模块 test_LoginApi,函数 get_openId 第429行,尝试循环获取open_Id第30次
2023-01-06 16:56:22,275,日志器 logname,等级 INFO,模块 test_LoginApi,函数 get_openId 第429行,尝试循环获取open_Id第31次
2023-01-06 16:56:22,443,日志器 logname,等级 INFO,模块 test_LoginApi,函数 get_openId 第429行,尝试循环获取open_Id第32次
2023-01-06 16:56:22,613,日志器 logname,等级 INFO,模块 test_LoginApi,函数 get_openId 第429行,尝试循环获取open_Id第33次
2023-01-06 16:56:22,783,日志器 logname,等级 INFO,模块 test_LoginApi,函数 get_openId 第429行,尝试循环获取open_Id第34次
2023-01-06 16:56:22,960,日志器 logname,等级 INFO,模块 test_LoginApi,函数 get_openId 第429行,尝试循环获取open_Id第35次
2023-01-06 16:56:23,141,日志器 logname,等级 INFO,模块 test_LoginApi,函数 get_openId 第429行,尝试循环获取open_Id第36次
2023-01-06 16:56:23,312,日志器 logname,等级 INFO,模块 test_LoginApi,函数 get_openId 第429行,尝试循环获取open_Id第37次
2023-01-06 16:56:23,485,日志器 logname,等级 INFO,模块 test_LoginApi,函数 get_openId 第429行,尝试循环获取open_Id第38次
2023-01-06 16:56:23,659,日志器 logname,等级 INFO,模块 test_LoginApi,函数 get_openId 第429行,尝试循环获取open_Id第39次
2023-01-06 16:56:23,839,日志器 logname,等级 INFO,模块 test_LoginApi,函数 get_openId 第429行,尝试循环获取open_Id第40次
2023-01-06 16:56:24,010,日志器 logname,等级 INFO,模块 test_LoginApi,函数 get_openId 第429行,尝试循环获取open_Id第41次
2023-01-06 16:56:24,193,日志器 logname,等级 INFO,模块 test_LoginApi,函数 get_openId 第429行,尝试循环获取open_Id第42次
2023-01-06 16:56:24,379,日志器 logname,等级 INFO,模块 test_LoginApi,函数 get_openId 第429行,尝试循环获取open_Id第43次
2023-01-06 16:56:24,545,日志器 logname,等级 INFO,模块 test_LoginApi,函数 get_openId 第429行,尝试循环获取open_Id第44次
2023-01-06 16:56:24,718,日志器 logname,等级 INFO,模块 test_LoginApi,函数 get_openId 第429行,尝试循环获取open_Id第45次
2023-01-06 16:56:24,893,日志器 logname,等级 INFO,模块 test_LoginApi,函数 get_openId 第429行,尝试循环获取open_Id第46次
2023-01-06 16:56:25,065,日志器 logname,等级 INFO,模块 test_LoginApi,函数 get_openId 第429行,尝试循环获取open_Id第47次
2023-01-06 16:56:25,236,日志器 logname,等级 INFO,模块 test_LoginApi,函数 get_openId 第429行,尝试循环获取open_Id第48次
2023-01-06 16:56:25,411,日志器 logname,等级 INFO,模块 test_LoginApi,函数 get_openId 第429行,尝试循环获取open_Id第49次
2023-01-06 16:56:25,585,日志器 logname,等级 INFO,模块 test_LoginApi,函数 get_openId 第437行,获取失败，将不执行订单创建接口！
2023-01-06 16:56:25,586,日志器 logname,等级 INFO,模块 test_LoginApi,函数 get_openId 第429行,尝试循环获取open_Id第50次
